2025-08-10 15:19:33,155 [PID 37352] DEBUG Using proactor: IocpProactor
2025-08-10 15:19:33,157 [PID 37352] INFO Reading Pyre server configurations...
2025-08-10 15:19:33,159 [PID 37352] DEBUG Could not find `.pyre_configuration` in the project root.Searching for `pyproject.toml`...
2025-08-10 15:19:33,180 [PID 37352] ERROR Uncaught error in persistent.run
Traceback (most recent call last):
  File "C:\Users\WKE\AppData\Local\nvim-data\mason\packages\pyre\venv\lib\site-packages\pyre_check\client\commands\persistent.py", line 299, in run
    return asyncio.get_event_loop().run_until_complete(
  File "C:\Python310\lib\asyncio\base_events.py", line 646, in run_until_complete
    return future.result()
  File "C:\Users\WKE\AppData\Local\nvim-data\mason\packages\pyre\venv\lib\site-packages\pyre_check\client\commands\persistent.py", line 224, in run_persistent
    initial_server_options = pyre_server_options.read_server_options(
  File "C:\Users\WKE\AppData\Local\nvim-data\mason\packages\pyre\venv\lib\site-packages\pyre_check\client\commands\pyre_server_options.py", line 129, in read_server_options
    return server_options_reader()
  File "C:\Users\WKE\AppData\Local\nvim-data\mason\packages\pyre\venv\lib\site-packages\pyre_check\client\commands\pyre_server_options.py", line 114, in read
    return PyreServerOptions.create(
  File "C:\Users\WKE\AppData\Local\nvim-data\mason\packages\pyre\venv\lib\site-packages\pyre_check\client\commands\pyre_server_options.py", line 93, in create
    start_arguments = start.create_server_arguments(
  File "C:\Users\WKE\AppData\Local\nvim-data\mason\packages\pyre\venv\lib\site-packages\pyre_check\client\commands\start.py", line 311, in create_server_arguments
    source_paths = backend_arguments.get_source_path_for_server(
  File "C:\Users\WKE\AppData\Local\nvim-data\mason\packages\pyre\venv\lib\site-packages\pyre_check\client\backend_arguments.py", line 418, in get_source_path_for_server
    return get_source_path(
  File "C:\Users\WKE\AppData\Local\nvim-data\mason\packages\pyre\venv\lib\site-packages\pyre_check\client\backend_arguments.py", line 397, in get_source_path
    raise configuration_module.InvalidConfiguration(
pyre_check.client.configuration.exceptions.InvalidConfiguration: Invalid configuration: Cannot find any source files to analyze. Either `source_directories` or `targets` must be specified.
2025-08-10 15:21:18,484 [PID 37640] DEBUG Using proactor: IocpProactor
2025-08-10 15:21:18,485 [PID 37640] INFO Reading Pyre server configurations...
2025-08-10 15:21:18,486 [PID 37640] DEBUG Could not find `.pyre_configuration` in the project root.Searching for `pyproject.toml`...
2025-08-10 15:21:18,490 [PID 37640] ERROR Uncaught error in persistent.run
Traceback (most recent call last):
  File "C:\Users\WKE\AppData\Local\nvim-data\mason\packages\pyre\venv\lib\site-packages\pyre_check\client\commands\persistent.py", line 299, in run
    return asyncio.get_event_loop().run_until_complete(
  File "C:\Python310\lib\asyncio\base_events.py", line 646, in run_until_complete
    return future.result()
  File "C:\Users\WKE\AppData\Local\nvim-data\mason\packages\pyre\venv\lib\site-packages\pyre_check\client\commands\persistent.py", line 224, in run_persistent
    initial_server_options = pyre_server_options.read_server_options(
  File "C:\Users\WKE\AppData\Local\nvim-data\mason\packages\pyre\venv\lib\site-packages\pyre_check\client\commands\pyre_server_options.py", line 129, in read_server_options
    return server_options_reader()
  File "C:\Users\WKE\AppData\Local\nvim-data\mason\packages\pyre\venv\lib\site-packages\pyre_check\client\commands\pyre_server_options.py", line 114, in read
    return PyreServerOptions.create(
  File "C:\Users\WKE\AppData\Local\nvim-data\mason\packages\pyre\venv\lib\site-packages\pyre_check\client\commands\pyre_server_options.py", line 93, in create
    start_arguments = start.create_server_arguments(
  File "C:\Users\WKE\AppData\Local\nvim-data\mason\packages\pyre\venv\lib\site-packages\pyre_check\client\commands\start.py", line 311, in create_server_arguments
    source_paths = backend_arguments.get_source_path_for_server(
  File "C:\Users\WKE\AppData\Local\nvim-data\mason\packages\pyre\venv\lib\site-packages\pyre_check\client\backend_arguments.py", line 418, in get_source_path_for_server
    return get_source_path(
  File "C:\Users\WKE\AppData\Local\nvim-data\mason\packages\pyre\venv\lib\site-packages\pyre_check\client\backend_arguments.py", line 397, in get_source_path
    raise configuration_module.InvalidConfiguration(
pyre_check.client.configuration.exceptions.InvalidConfiguration: Invalid configuration: Cannot find any source files to analyze. Either `source_directories` or `targets` must be specified.
2025-08-10 15:24:24,712 [PID 6296] DEBUG Using proactor: IocpProactor
2025-08-10 15:24:24,713 [PID 6296] INFO Reading Pyre server configurations...
2025-08-10 15:24:24,714 [PID 6296] DEBUG Could not find `.pyre_configuration` in the project root.Searching for `pyproject.toml`...
2025-08-10 15:24:24,716 [PID 6296] ERROR Uncaught error in persistent.run
Traceback (most recent call last):
  File "C:\Users\WKE\AppData\Local\nvim-data\mason\packages\pyre\venv\lib\site-packages\pyre_check\client\commands\persistent.py", line 299, in run
    return asyncio.get_event_loop().run_until_complete(
  File "C:\Python310\lib\asyncio\base_events.py", line 646, in run_until_complete
    return future.result()
  File "C:\Users\WKE\AppData\Local\nvim-data\mason\packages\pyre\venv\lib\site-packages\pyre_check\client\commands\persistent.py", line 224, in run_persistent
    initial_server_options = pyre_server_options.read_server_options(
  File "C:\Users\WKE\AppData\Local\nvim-data\mason\packages\pyre\venv\lib\site-packages\pyre_check\client\commands\pyre_server_options.py", line 129, in read_server_options
    return server_options_reader()
  File "C:\Users\WKE\AppData\Local\nvim-data\mason\packages\pyre\venv\lib\site-packages\pyre_check\client\commands\pyre_server_options.py", line 114, in read
    return PyreServerOptions.create(
  File "C:\Users\WKE\AppData\Local\nvim-data\mason\packages\pyre\venv\lib\site-packages\pyre_check\client\commands\pyre_server_options.py", line 93, in create
    start_arguments = start.create_server_arguments(
  File "C:\Users\WKE\AppData\Local\nvim-data\mason\packages\pyre\venv\lib\site-packages\pyre_check\client\commands\start.py", line 311, in create_server_arguments
    source_paths = backend_arguments.get_source_path_for_server(
  File "C:\Users\WKE\AppData\Local\nvim-data\mason\packages\pyre\venv\lib\site-packages\pyre_check\client\backend_arguments.py", line 418, in get_source_path_for_server
    return get_source_path(
  File "C:\Users\WKE\AppData\Local\nvim-data\mason\packages\pyre\venv\lib\site-packages\pyre_check\client\backend_arguments.py", line 397, in get_source_path
    raise configuration_module.InvalidConfiguration(
pyre_check.client.configuration.exceptions.InvalidConfiguration: Invalid configuration: Cannot find any source files to analyze. Either `source_directories` or `targets` must be specified.
2025-08-10 15:29:06,457 [PID 28024] DEBUG Using proactor: IocpProactor
2025-08-10 15:29:06,458 [PID 28024] INFO Reading Pyre server configurations...
2025-08-10 15:29:06,460 [PID 28024] DEBUG Could not find `.pyre_configuration` in the project root.Searching for `pyproject.toml`...
2025-08-10 15:29:06,463 [PID 28024] ERROR Uncaught error in persistent.run
Traceback (most recent call last):
  File "C:\Users\WKE\AppData\Local\nvim-data\mason\packages\pyre\venv\lib\site-packages\pyre_check\client\commands\persistent.py", line 299, in run
    return asyncio.get_event_loop().run_until_complete(
  File "C:\Python310\lib\asyncio\base_events.py", line 646, in run_until_complete
    return future.result()
  File "C:\Users\WKE\AppData\Local\nvim-data\mason\packages\pyre\venv\lib\site-packages\pyre_check\client\commands\persistent.py", line 224, in run_persistent
    initial_server_options = pyre_server_options.read_server_options(
  File "C:\Users\WKE\AppData\Local\nvim-data\mason\packages\pyre\venv\lib\site-packages\pyre_check\client\commands\pyre_server_options.py", line 129, in read_server_options
    return server_options_reader()
  File "C:\Users\WKE\AppData\Local\nvim-data\mason\packages\pyre\venv\lib\site-packages\pyre_check\client\commands\pyre_server_options.py", line 114, in read
    return PyreServerOptions.create(
  File "C:\Users\WKE\AppData\Local\nvim-data\mason\packages\pyre\venv\lib\site-packages\pyre_check\client\commands\pyre_server_options.py", line 93, in create
    start_arguments = start.create_server_arguments(
  File "C:\Users\WKE\AppData\Local\nvim-data\mason\packages\pyre\venv\lib\site-packages\pyre_check\client\commands\start.py", line 311, in create_server_arguments
    source_paths = backend_arguments.get_source_path_for_server(
  File "C:\Users\WKE\AppData\Local\nvim-data\mason\packages\pyre\venv\lib\site-packages\pyre_check\client\backend_arguments.py", line 418, in get_source_path_for_server
    return get_source_path(
  File "C:\Users\WKE\AppData\Local\nvim-data\mason\packages\pyre\venv\lib\site-packages\pyre_check\client\backend_arguments.py", line 397, in get_source_path
    raise configuration_module.InvalidConfiguration(
pyre_check.client.configuration.exceptions.InvalidConfiguration: Invalid configuration: Cannot find any source files to analyze. Either `source_directories` or `targets` must be specified.
2025-08-10 15:38:10,331 [PID 38128] DEBUG Using proactor: IocpProactor
2025-08-10 15:38:10,332 [PID 38128] INFO Reading Pyre server configurations...
2025-08-10 15:38:10,333 [PID 38128] DEBUG Could not find `.pyre_configuration` in the project root.Searching for `pyproject.toml`...
2025-08-10 15:38:10,336 [PID 38128] ERROR Uncaught error in persistent.run
Traceback (most recent call last):
  File "C:\Users\WKE\AppData\Local\nvim-data\mason\packages\pyre\venv\lib\site-packages\pyre_check\client\commands\persistent.py", line 299, in run
    return asyncio.get_event_loop().run_until_complete(
  File "C:\Python310\lib\asyncio\base_events.py", line 646, in run_until_complete
    return future.result()
  File "C:\Users\WKE\AppData\Local\nvim-data\mason\packages\pyre\venv\lib\site-packages\pyre_check\client\commands\persistent.py", line 224, in run_persistent
    initial_server_options = pyre_server_options.read_server_options(
  File "C:\Users\WKE\AppData\Local\nvim-data\mason\packages\pyre\venv\lib\site-packages\pyre_check\client\commands\pyre_server_options.py", line 129, in read_server_options
    return server_options_reader()
  File "C:\Users\WKE\AppData\Local\nvim-data\mason\packages\pyre\venv\lib\site-packages\pyre_check\client\commands\pyre_server_options.py", line 114, in read
    return PyreServerOptions.create(
  File "C:\Users\WKE\AppData\Local\nvim-data\mason\packages\pyre\venv\lib\site-packages\pyre_check\client\commands\pyre_server_options.py", line 93, in create
    start_arguments = start.create_server_arguments(
  File "C:\Users\WKE\AppData\Local\nvim-data\mason\packages\pyre\venv\lib\site-packages\pyre_check\client\commands\start.py", line 311, in create_server_arguments
    source_paths = backend_arguments.get_source_path_for_server(
  File "C:\Users\WKE\AppData\Local\nvim-data\mason\packages\pyre\venv\lib\site-packages\pyre_check\client\backend_arguments.py", line 418, in get_source_path_for_server
    return get_source_path(
  File "C:\Users\WKE\AppData\Local\nvim-data\mason\packages\pyre\venv\lib\site-packages\pyre_check\client\backend_arguments.py", line 397, in get_source_path
    raise configuration_module.InvalidConfiguration(
pyre_check.client.configuration.exceptions.InvalidConfiguration: Invalid configuration: Cannot find any source files to analyze. Either `source_directories` or `targets` must be specified.
2025-08-10 15:40:17,340 [PID 34960] INFO No binary specified, looking for `pyre.bin` in PATH
2025-08-10 15:40:17,347 [PID 34960] ERROR Invalid configuration: Cannot locate a Pyre binary to run.
